============================= test session starts =============================
platform win32 -- Python 3.13.6, pytest-9.0.2, pluggy-1.6.0 -- C:\Python313\python.exe
cachedir: .pytest_cache
rootdir: D:\Marketing tool
plugins: anyio-4.12.1
collecting ... collected 5 items

backend/services/forge/test_forge.py::test_significance_engine_math PASSED [ 20%]
backend/services/forge/test_forge.py::test_allocation_manager_risks PASSED [ 40%]
backend/services/forge/test_forge.py::test_variation_generator_mapping PASSED [ 60%]
backend/services/forge/test_forge.py::test_sandbox_governance_block PASSED [ 80%]
backend/services/forge/test_forge.py::test_forge_experiment_launch_orchestration FAILED [100%]

================================== FAILURES ===================================
_________________ test_forge_experiment_launch_orchestration __________________
async def functions are not natively supported.
You need to install a suitable plugin for your async framework, for example:
  - anyio
  - pytest-asyncio
  - pytest-tornasync
  - pytest-trio
  - pytest-twisted
============================== warnings summary ===============================
backend\services\forge\test_forge.py:69
  d:\Marketing tool\backend\services\forge\test_forge.py:69: PytestUnknownMarkWarning: Unknown pytest.mark.asyncio - is this a typo?  You can register custom marks to avoid this warning - for details, see https://docs.pytest.org/en/stable/how-to/mark.html
    @pytest.mark.asyncio

-- Docs: https://docs.pytest.org/en/stable/how-to/capture-warnings.html
=========================== short test summary info ===========================
FAILED backend/services/forge/test_forge.py::test_forge_experiment_launch_orchestration
=================== 1 failed, 4 passed, 1 warning in 0.57s ====================
